// Vitest Snapshot v1, https://vitest.dev/guide/snapshot.html

exports[`a fresh game shows the pending turn with no flows > the whole scene model 1`] = `
{
  "board": {
    "cols": 6,
    "depthKm": 87.5,
    "hexes": [
      {
        "borderSite": false,
        "coastal": false,
        "col": 0,
        "edge": true,
        "key": "0,0",
        "pumpedSite": false,
        "q": 0,
        "r": 0,
        "row": 0,
        "shore": false,
        "solarMultiplier": 1,
        "terrain": "sea",
        "windClass": "open",
        "x": 0,
        "z": 0,
      },
      {
        "borderSite": false,
        "coastal": true,
        "col": 0,
        "edge": true,
        "key": "0,1",
        "pumpedSite": false,
        "q": 0,
        "r": 1,
        "row": 1,
        "shore": true,
        "solarMultiplier": 1,
        "terrain": "urban",
        "windClass": "open",
        "x": 0,
        "z": 25,
      },
      {
        "borderSite": false,
        "coastal": false,
        "col": 0,
        "edge": true,
        "key": "0,2",
        "pumpedSite": false,
        "q": 0,
        "r": 2,
        "row": 2,
        "shore": false,
        "solarMultiplier": 1,
        "terrain": "mountains",
        "windClass": "open",
        "x": 0,
        "z": 50,
      },
      {
        "borderSite": false,
        "coastal": true,
        "col": 1,
        "edge": true,
        "key": "1,0",
        "pumpedSite": false,
        "q": 1,
        "r": 0,
        "row": 0,
        "shore": true,
        "solarMultiplier": 1,
        "terrain": "plains",
        "windClass": "open",
        "x": 21.65063509461097,
        "z": 12.5,
      },
      {
        "borderSite": false,
        "coastal": false,
        "col": 1,
        "edge": false,
        "key": "1,1",
        "pumpedSite": false,
        "q": 1,
        "r": 1,
        "row": 1,
        "shore": false,
        "solarMultiplier": 1,
        "terrain": "plains",
        "windClass": "open",
        "x": 21.65063509461097,
        "z": 37.5,
      },
      {
        "borderSite": false,
        "coastal": false,
        "col": 1,
        "edge": true,
        "key": "1,2",
        "pumpedSite": false,
        "q": 1,
        "r": 2,
        "row": 2,
        "shore": false,
        "solarMultiplier": 1,
        "terrain": "forest",
        "windClass": "open",
        "x": 21.65063509461097,
        "z": 62.5,
      },
      {
        "borderSite": false,
        "coastal": false,
        "col": 2,
        "edge": true,
        "key": "2,-1",
        "pumpedSite": false,
        "q": 2,
        "r": -1,
        "row": 0,
        "shore": false,
        "solarMultiplier": 1,
        "terrain": "forest",
        "windClass": "open",
        "x": 43.30127018922194,
        "z": 0,
      },
      {
        "borderSite": false,
        "coastal": false,
        "col": 2,
        "edge": false,
        "key": "2,0",
        "pumpedSite": false,
        "q": 2,
        "r": 0,
        "row": 1,
        "shore": false,
        "solarMultiplier": 1,
        "terrain": "plains",
        "windClass": "open",
        "x": 43.30127018922194,
        "z": 25,
      },
      {
        "borderSite": false,
        "coastal": false,
        "col": 2,
        "edge": true,
        "key": "2,1",
        "pumpedSite": false,
        "q": 2,
        "r": 1,
        "row": 2,
        "shore": false,
        "solarMultiplier": 1,
        "terrain": "plains",
        "windClass": "open",
        "x": 43.30127018922194,
        "z": 50,
      },
      {
        "borderSite": false,
        "coastal": false,
        "col": 3,
        "edge": true,
        "key": "3,-1",
        "pumpedSite": false,
        "q": 3,
        "r": -1,
        "row": 0,
        "shore": true,
        "solarMultiplier": 1,
        "terrain": "swamp",
        "windClass": "open",
        "x": 64.9519052838329,
        "z": 12.5,
      },
      {
        "borderSite": false,
        "coastal": false,
        "col": 3,
        "edge": false,
        "key": "3,0",
        "pumpedSite": false,
        "q": 3,
        "r": 0,
        "row": 1,
        "shore": false,
        "solarMultiplier": 1,
        "terrain": "highlands",
        "windClass": "open",
        "x": 64.9519052838329,
        "z": 37.5,
      },
      {
        "borderSite": false,
        "coastal": false,
        "col": 3,
        "edge": true,
        "key": "3,1",
        "pumpedSite": false,
        "q": 3,
        "r": 1,
        "row": 2,
        "shore": false,
        "solarMultiplier": 1,
        "terrain": "plains",
        "windClass": "open",
        "x": 64.9519052838329,
        "z": 62.5,
      },
      {
        "borderSite": false,
        "coastal": false,
        "col": 4,
        "edge": true,
        "key": "4,-2",
        "pumpedSite": false,
        "q": 4,
        "r": -2,
        "row": 0,
        "shore": false,
        "solarMultiplier": 1,
        "terrain": "lake",
        "windClass": "open",
        "x": 86.60254037844388,
        "z": 0,
      },
      {
        "borderSite": false,
        "coastal": false,
        "col": 4,
        "edge": false,
        "key": "4,-1",
        "pumpedSite": false,
        "q": 4,
        "r": -1,
        "row": 1,
        "shore": true,
        "solarMultiplier": 1,
        "terrain": "urban",
        "windClass": "open",
        "x": 86.60254037844388,
        "z": 25,
      },
      {
        "borderSite": false,
        "coastal": false,
        "col": 4,
        "edge": true,
        "key": "4,0",
        "pumpedSite": false,
        "q": 4,
        "r": 0,
        "row": 2,
        "shore": false,
        "solarMultiplier": 1,
        "terrain": "plains",
        "windClass": "open",
        "x": 86.60254037844388,
        "z": 50,
      },
      {
        "borderSite": true,
        "coastal": false,
        "col": 5,
        "edge": true,
        "key": "5,-2",
        "pumpedSite": false,
        "q": 5,
        "r": -2,
        "row": 0,
        "shore": true,
        "solarMultiplier": 1,
        "terrain": "plains",
        "windClass": "open",
        "x": 108.25317547305485,
        "z": 12.5,
      },
      {
        "borderSite": false,
        "coastal": false,
        "col": 5,
        "edge": true,
        "key": "5,-1",
        "pumpedSite": false,
        "q": 5,
        "r": -1,
        "row": 1,
        "shore": false,
        "solarMultiplier": 1,
        "terrain": "mountains",
        "windClass": "open",
        "x": 108.25317547305485,
        "z": 37.5,
      },
      {
        "borderSite": false,
        "coastal": false,
        "col": 5,
        "edge": true,
        "key": "5,0",
        "pumpedSite": false,
        "q": 5,
        "r": 0,
        "row": 2,
        "shore": false,
        "solarMultiplier": 1,
        "terrain": "urban",
        "windClass": "open",
        "x": 108.25317547305485,
        "z": 62.5,
      },
    ],
    "pitchKm": 25,
    "rows": 3,
    "widthKm": 137.12068893253615,
  },
  "borders": [
    {
      "exportDeliveredMw": 0,
      "exportSetpointMw": 0,
      "hex": {
        "key": "5,-2",
        "q": 5,
        "r": -2,
      },
      "id": "border-1",
      "importSetpointMw": 100,
      "importUsedMw": 0,
      "name": "Granica Wschód",
      "outward": {
        "x": 1,
        "z": 0,
      },
      "ratio": 0,
      "throughputMw": 500,
      "usedMw": 0,
    },
  ],
  "cities": [
    {
      "blackout": false,
      "connected": true,
      "deliveredMw": 0,
      "demandMw": 0,
      "ensMw": 0,
      "firms": 53300,
      "hex": {
        "key": "4,-1",
        "q": 4,
        "r": -1,
      },
      "households": 620000,
      "id": "city-jasienica",
      "lit": 1,
      "name": "Jasienica",
      "scale": 0.7402382720230721,
      "served": 1,
      "sizeClass": "metro",
    },
    {
      "blackout": false,
      "connected": false,
      "deliveredMw": 0,
      "demandMw": 0,
      "ensMw": 0,
      "firms": 7600,
      "hex": {
        "key": "5,0",
        "q": 5,
        "r": 0,
      },
      "households": 88000,
      "id": "city-krasnow",
      "lit": 0,
      "name": "Krasnów",
      "scale": 0.16621023293090775,
      "served": 1,
      "sizeClass": "town",
    },
  ],
  "farms": [
    {
      "capacityMw": 300,
      "curtailedMw": 0,
      "enabled": true,
      "footprint": 1,
      "hex": {
        "key": "1,0",
        "q": 1,
        "r": 0,
      },
      "id": "farm-1",
      "name": "FW Grzbiet",
      "offshore": false,
      "powerFraction": 0,
      "producedMw": 0,
      "rotor": "still",
      "rotorSpeed": 0,
      "tech": "wind",
      "units": 12,
      "usedMw": 0,
      "windClass": "open",
      "windMs": 2,
    },
  ],
  "junctions": [
    {
      "hex": {
        "key": "2,0",
        "q": 2,
        "r": 0,
      },
      "id": "junction-1",
      "name": "Węzeł Centralny",
      "slots": 12,
      "slotsUsed": 4,
    },
  ],
  "labels": [
    {
      "hex": {
        "key": "4,0",
        "q": 4,
        "r": 0,
      },
      "key": "line-5:build",
      "kind": "line",
      "muted": false,
      "placement": "above",
      "priority": 3,
      "text": "BUDOWA · 1 DOBA",
      "tone": "default",
    },
    {
      "hex": {
        "key": "0,1",
        "q": 0,
        "r": 1,
      },
      "key": "plant-1:label",
      "kind": "object",
      "muted": false,
      "placement": "below",
      "priority": 2,
      "text": "EW WSCHODNIA WĘGIEL · 800/900",
      "tone": "default",
    },
    {
      "hex": {
        "key": "1,0",
        "q": 1,
        "r": 0,
      },
      "key": "farm-1:label",
      "kind": "object",
      "muted": false,
      "placement": "below",
      "priority": 2,
      "text": "FW GRZBIET WIATR",
      "tone": "default",
    },
    {
      "hex": {
        "key": "3,1",
        "q": 3,
        "r": 1,
      },
      "key": "storage-1:label",
      "kind": "object",
      "muted": false,
      "placement": "below",
      "priority": 2,
      "text": "MAGAZYN POŁUDNIE BESS · −100 · SOC 62%",
      "tone": "default",
    },
    {
      "hex": {
        "key": "2,0",
        "q": 2,
        "r": 0,
      },
      "key": "junction-1:label",
      "kind": "object",
      "muted": false,
      "placement": "below",
      "priority": 1,
      "text": "WĘZEŁ CENTRALNY",
      "tone": "default",
    },
    {
      "hex": {
        "key": "5,-2",
        "q": 5,
        "r": -2,
      },
      "key": "border-1:label",
      "kind": "object",
      "muted": false,
      "placement": "below",
      "priority": 2,
      "text": "GRANICA WSCHÓD · +100",
      "tone": "default",
    },
    {
      "hex": {
        "key": "4,-1",
        "q": 4,
        "r": -1,
      },
      "key": "city-jasienica:label",
      "kind": "city",
      "muted": false,
      "placement": "below",
      "priority": 4,
      "text": "JASIENICA",
      "tone": "city",
    },
    {
      "hex": {
        "key": "5,0",
        "q": 5,
        "r": 0,
      },
      "key": "city-krasnow:label",
      "kind": "city",
      "muted": true,
      "placement": "below",
      "priority": 4,
      "text": "KRASNÓW",
      "tone": "city",
    },
  ],
  "lines": [
    {
      "built": true,
      "id": "line-1",
      "lanes": [
        {
          "count": 1,
          "index": 0,
        },
        {
          "count": 1,
          "index": 0,
        },
      ],
      "path": [
        {
          "key": "0,1",
          "q": 0,
          "r": 1,
        },
        {
          "key": "1,1",
          "q": 1,
          "r": 1,
        },
        {
          "key": "2,0",
          "q": 2,
          "r": 0,
        },
      ],
      "progress": 1,
      "segments": [
        {
          "capacityMw": 0,
          "direction": 0,
          "fromIndex": 0,
          "fromNodeId": "",
          "key": "line-1:whole",
          "load": "idle",
          "ratio": 0,
          "toIndex": 2,
          "toNodeId": "",
          "usedMw": 0,
        },
      ],
      "type": "hv",
      "upgrade": null,
    },
    {
      "built": true,
      "id": "line-2",
      "lanes": [
        {
          "count": 2,
          "index": 0,
        },
        {
          "count": 2,
          "index": 0,
        },
      ],
      "path": [
        {
          "key": "2,0",
          "q": 2,
          "r": 0,
        },
        {
          "key": "3,0",
          "q": 3,
          "r": 0,
        },
        {
          "key": "4,-1",
          "q": 4,
          "r": -1,
        },
      ],
      "progress": 1,
      "segments": [
        {
          "capacityMw": 0,
          "direction": 0,
          "fromIndex": 0,
          "fromNodeId": "",
          "key": "line-2:whole",
          "load": "idle",
          "ratio": 0,
          "toIndex": 2,
          "toNodeId": "",
          "usedMw": 0,
        },
      ],
      "type": "lv",
      "upgrade": null,
    },
    {
      "built": true,
      "id": "line-3",
      "lanes": [
        {
          "count": 1,
          "index": 0,
        },
        {
          "count": 1,
          "index": 0,
        },
      ],
      "path": [
        {
          "key": "1,0",
          "q": 1,
          "r": 0,
        },
        {
          "key": "2,-1",
          "q": 2,
          "r": -1,
        },
        {
          "key": "2,0",
          "q": 2,
          "r": 0,
        },
      ],
      "progress": 1,
      "segments": [
        {
          "capacityMw": 0,
          "direction": 0,
          "fromIndex": 0,
          "fromNodeId": "",
          "key": "line-3:whole",
          "load": "idle",
          "ratio": 0,
          "toIndex": 2,
          "toNodeId": "",
          "usedMw": 0,
        },
      ],
      "type": "mv",
      "upgrade": null,
    },
    {
      "built": true,
      "id": "line-4",
      "lanes": [
        {
          "count": 2,
          "index": 1,
        },
        {
          "count": 2,
          "index": 1,
        },
      ],
      "path": [
        {
          "key": "2,0",
          "q": 2,
          "r": 0,
        },
        {
          "key": "3,0",
          "q": 3,
          "r": 0,
        },
        {
          "key": "4,-1",
          "q": 4,
          "r": -1,
        },
      ],
      "progress": 1,
      "segments": [
        {
          "capacityMw": 0,
          "direction": 0,
          "fromIndex": 0,
          "fromNodeId": "",
          "key": "line-4:whole",
          "load": "idle",
          "ratio": 0,
          "toIndex": 2,
          "toNodeId": "",
          "usedMw": 0,
        },
      ],
      "type": "lv",
      "upgrade": null,
    },
    {
      "built": false,
      "id": "line-5",
      "lanes": [
        {
          "count": 1,
          "index": 0,
        },
        {
          "count": 1,
          "index": 0,
        },
      ],
      "path": [
        {
          "key": "3,1",
          "q": 3,
          "r": 1,
        },
        {
          "key": "4,0",
          "q": 4,
          "r": 0,
        },
        {
          "key": "4,-1",
          "q": 4,
          "r": -1,
        },
      ],
      "progress": 0.5,
      "segments": [],
      "type": "mv",
      "upgrade": null,
    },
  ],
  "notes": [],
  "overlay": {
    "bottleneck": null,
    "hover": null,
    "route": null,
    "selection": null,
    "showcase": null,
    "weatherOverride": null,
  },
  "plants": [
    {
      "automation": true,
      "blocks": [
        {
          "index": 0,
          "load": 0,
          "mw": 450,
          "outputMw": 0,
          "setpointMw": 0,
          "startupTurnsLeft": 0,
          "status": "offline",
          "warmup": 0,
        },
        {
          "index": 1,
          "load": 0,
          "mw": 450,
          "outputMw": 0,
          "setpointMw": 0,
          "startupTurnsLeft": 0,
          "status": "offline",
          "warmup": 0,
        },
      ],
      "capacityMw": 900,
      "controlMode": "auto",
      "dumpMw": 0,
      "footprint": 0.15,
      "hex": {
        "key": "0,1",
        "q": 0,
        "r": 1,
      },
      "id": "plant-1",
      "name": "EW Wschodnia",
      "outputMw": 0,
      "tech": "coal",
      "usedMw": 0,
    },
  ],
  "seed": 11,
  "sites": [],
  "storages": [
    {
      "capacityMwh": 400,
      "chargedMw": 0,
      "dischargedMw": 0,
      "flowMw": 0,
      "footprint": 0.2,
      "hex": {
        "key": "3,1",
        "q": 3,
        "r": 1,
      },
      "id": "storage-1",
      "mode": "charge",
      "name": "Magazyn Południe",
      "powerMw": 100,
      "setpointMw": 100,
      "soc": 0.62,
      "socMwh": 248,
      "tech": "battery",
    },
  ],
  "sun": {
    "altitudeDeg": -53.641429873540986,
    "azimuthDeg": 37.30441027912405,
    "clearSkyGhiW": 0,
    "dayLengthHours": 8.483677523423212,
    "daylight": 0,
    "declinationDeg": -20.13801482156758,
    "direction": {
      "x": 0.3592884759519413,
      "y": -0.8053226807958487,
      "z": -0.47155823695904076,
    },
    "hourAngleDeg": -157.5,
    "sunriseHour": 7.758161238288394,
    "sunsetHour": 16.241838761711605,
    "twilight": 0,
  },
  "time": {
    "dayIndex": 0,
    "dayOfYear": 21,
    "dayType": "working",
    "dayWeight": 10.9,
    "hour": 1.5,
    "month": 0,
    "phase": "night",
    "regimeForecast": "frostHigh",
    "resolved": false,
    "turnIndex": 0,
    "year": 1,
  },
  "version": 1,
  "weather": {
    "cloudCover": 0.25333333333333335,
    "dailyMeanTempC": -15.27083333333333,
    "dunkelflaute": true,
    "fog": 0.15,
    "ghiW": 0,
    "gustiness": 0.1,
    "haze": 0.27666666666666667,
    "precipitation": {
      "intensity": 0,
      "kind": "none",
    },
    "regime": "frostHigh",
    "snowCover": 1,
    "storm": false,
    "tempC": -13.733333333333334,
    "windFromDeg": 100.87324850028381,
    "windMs": {
      "baltic": 2.766666666666666,
      "coastal": 2.066666666666667,
      "open": 2,
      "sheltered": 1.5999999999999999,
    },
  },
}
`;
